HCLIB_WORKERS=1 ./fib

====== HCArgoLib Runtime Initialized ======

Starting Fib(40)..
Executing kernel..

======== Kernel execution complete ========

Fib(40) = 102334155

=========== Tabulate Statistics ===========

Kernel execution time = 0.634s
push: 2178308, pops: 2178309, steals: 0

======= HCArgoLib Runtime Finalized =======

HCLIB_WORKERS=2 ./fib

====== HCArgoLib Runtime Initialized ======

Starting Fib(40)..
Executing kernel..

======== Kernel execution complete ========

Fib(40) = 102334155

=========== Tabulate Statistics ===========

Kernel execution time = 2.124s
push: 2178308, pops: 559674, steals: 3421694

======= HCArgoLib Runtime Finalized =======

HCLIB_WORKERS=4 ./fib

====== HCArgoLib Runtime Initialized ======

Starting Fib(40)..
Executing kernel..

======== Kernel execution complete ========

Fib(40) = 102334155

=========== Tabulate Statistics ===========

Kernel execution time = 2.275s
push: 2178308, pops: 1920280, steals: 1030691

======= HCArgoLib Runtime Finalized =======

HCLIB_WORKERS=6 ./fib

====== HCArgoLib Runtime Initialized ======

Starting Fib(40)..
Executing kernel..

======== Kernel execution complete ========

Fib(40) = 102334155

=========== Tabulate Statistics ===========

Kernel execution time = 2.078s
push: 2178308, pops: 2028539, steals: 658566

======= HCArgoLib Runtime Finalized =======

HCLIB_WORKERS=8 ./fib

====== HCArgoLib Runtime Initialized ======

Starting Fib(40)..
Executing kernel..

======== Kernel execution complete ========

Fib(40) = 102334155

=========== Tabulate Statistics ===========

Kernel execution time = 2.273s
push: 2178308, pops: 2071487, steals: 503221

======= HCArgoLib Runtime Finalized =======

HCLIB_WORKERS=1 ./fib-reducer

====== HCArgoLib Runtime Initialized ======

Starting Fib(40)..
Executing kernel..

======== Kernel execution complete ========

Fib(40) = 102334155

=========== Tabulate Statistics ===========

Kernel execution time = 0.546s
push: 2178308, pops: 2178309, steals: 0

======= HCArgoLib Runtime Finalized =======

HCLIB_WORKERS=2 ./fib-reducer

====== HCArgoLib Runtime Initialized ======

Starting Fib(40)..
Executing kernel..

======== Kernel execution complete ========

Fib(40) = 102334155

=========== Tabulate Statistics ===========

Kernel execution time = 1.892s
push: 2178308, pops: 596338, steals: 3367137

======= HCArgoLib Runtime Finalized =======

HCLIB_WORKERS=4 ./fib-reducer

====== HCArgoLib Runtime Initialized ======

Starting Fib(40)..
Executing kernel..

======== Kernel execution complete ========

Fib(40) = 102334155

=========== Tabulate Statistics ===========

Kernel execution time = 1.989s
push: 2178308, pops: 1922623, steals: 1015478

======= HCArgoLib Runtime Finalized =======

HCLIB_WORKERS=6 ./fib-reducer

====== HCArgoLib Runtime Initialized ======

Starting Fib(40)..
Executing kernel..

======== Kernel execution complete ========

Fib(40) = 102334155

=========== Tabulate Statistics ===========

Kernel execution time = 1.934s
push: 2178308, pops: 2023827, steals: 664831

======= HCArgoLib Runtime Finalized =======

HCLIB_WORKERS=8 ./fib-reducer

====== HCArgoLib Runtime Initialized ======

Starting Fib(40)..
Executing kernel..

======== Kernel execution complete ========

Fib(40) = 102334155

=========== Tabulate Statistics ===========

Kernel execution time = 2.356s
push: 2178308, pops: 2070084, steals: 503246

======= HCArgoLib Runtime Finalized =======

